// Jest Snapshot v1, https://goo.gl/fbAQLP

exports[`Header component renders the UI as expected 1`] = `
<div
  className="header"
>
  <a
    href="/"
    onClick={[Function]}
  >
    <h1
      className="logo"
    >
      Job Tracker
    </h1>
  </a>
</div>
`;
